allele_id	chromosome	starting_position	ref	alt	rsid	allele_type	dataset_alt_freq	gnomad_alt_freq	worst_effect
18_47362_TCCC_T	18	47362	TCCC	T	rs753126950	Del	0.0	4.33261e-05	
18_47362_T_TC	18	47362	TCCC	TCCCC	rs753126950	Ins	0.2		
18_47362_TCCC_T	18	47362	TCCC	T	rs753126950	Del	0.0	4.33261e-05	
18_47362_T_TC	18	47362	TCCC	TCCCC	rs753126950	Ins	0.4		
18_47363_C_A	18	47363	C	A	rs1263622978	SNP	0.2	2.59835e-05	
18_47363_C_T	18	47363	C	T	rs1263622978	SNP	0.2	8.66116e-06	
