	a_id	chr	pos	ref	alt	dbsnp151_rsid	allele_type	alt_freq	gnomad201_alt_freq	worst_effect
0	18_47359_G_T	18	47359	G	T	rs1342568097	SNP	0.2	2.66771e-05	
