allele_id	gene_name	gene_id	feature_id	consequences	putative_impact	hgvs_c	hgvs_p
18_47408_G_A	TUBB8P12	ENSG00000173213	ENST00000308911.8	synonymous_variant	LOW	c.1317C>T	p.Ala439Ala
