allele_id	gene_name	gene_id	feature_id	consequences	putative_impact	hgvs_c	hgvs_p
18_47397_ACCT_A	TUBB8P12	ENSG00000173213	ENST00000308911.8	conservative_inframe_deletion	MODERATE	c.1318_1320delGAG	p.Glu440del
