allele_id	gene_name	gene_id	feature_id	consequences	putative_impact	hgvs_c	hgvs_p
18_47397_A_G	TUBB8P12	ENSG00000173213	ENST00000308911.8	missense_variant	MODERATE	c.1328T>C	p.Val443Ala
