allele_id	gene_name	gene_id	feature_id	consequences	putative_impact	hgvs_c	hgvs_p
18_47397_A_G	TUBB8P12	ENSG00000173213	ENST00000308911.8	missense_variant	MODERATE	c.1328T>C	p.Val443Ala
18_47397_ACCTCCTCCTCGGCATACTCCTCATCCT_A	TUBB8P12	ENSG00000173213	ENST00000308911.8	disruptive_inframe_deletion	MODERATE	c.1301_1327delAGGATGAGGAGTATGCCGAGGAGGAGG	p.Glu434_Glu442del
18_47397_ACCT_A	TUBB8P12	ENSG00000173213	ENST00000308911.8	conservative_inframe_deletion	MODERATE	c.1318_1320delGAG	p.Glu440del
18_47436_G_A	TUBB8P12	ENSG00000173213	ENST00000308911.8	missense_variant	MODERATE	c.1289C>T	p.Ala430Val
18_47446_CCTGATATTG_C	TUBB8P12	ENSG00000173213	ENST00000308911.8	conservative_inframe_deletion	MODERATE	c.1270_1278delCAATATCAG	p.Gln424_Gln426del
