	sample_id	a_id	locus_id	chr	pos	ref	alt	type
8	sample_1_3	18_47361_T_G	18_47361_T_C	18	47361	T	G	het-alt
9	sample_1_4	18_47361_T_G	18_47361_T_C	18	47361	T	G	het-alt
