sample_id	allele_id	locus_id	chr	pos	ref	alt	genotype_type
sample_1_0	18_47360_C_CT	18_47360_C_T	18	47360	C	CT	het-alt
sample_1_2	18_47360_C_CT	18_47360_C_T	18	47360	C	CT	het-alt
