sample_id	allele_id	locus_id	chr	pos	ref	alt	genotype_type
sample_1_0	18_47359_G_T	18_47359_G_T	18	47359	G	T	half
